C51 COMPILER V9.54   TIMER0                                                                02/28/2023 11:12:00 PAGE 1   


C51 COMPILER V9.54, COMPILATION OF MODULE TIMER0
OBJECT MODULE PLACED IN .\Objects\Timer0.obj
COMPILER INVOKED BY: D:\Keil5\Keil5 C51\C51\BIN\C51.EXE Timer0.c OPTIMIZE(8,SPEED) BROWSE DEBUG OBJECTEXTEND PRINT(.\Lis
                    -tings\Timer0.lst) TABS(2) OBJECT(.\Objects\Timer0.obj)

line level    source

   1          #include <REGX52.H>
   2          
   3          /**
   4            * @brief  ???0???
   5            * @param  ?
   6            * @retval Timer0_Init()?????,??????,??????
   7            */
   8          
   9          void Timer0_Init()
  10          {
  11   1        TMOD=0x01;  //????,????????????,TMON??????
  12   1        
  13   1        //???TCON?????,????
  14   1        
  15   1        TF0=0;      //???1??0,??TF0??
  16   1        TR0=1;      //???1??0,???0????
  17   1        
  18   1        //??????1ms????,????TH0,TL0??
  19   1        //64535?????,256?16?2??,??64535???????,???8?
  20   1        //????
  21   1        
  22   1        //TH0=64535/256;//???8????
  23   1        //TL0=64535%256;//???8????
  24   1        
  25   1          //????16????
  26   1        TH0 = 0xFC; 
  27   1          TL0 = 0x18;
  28   1      
  29   1        //??????,??????
  30   1        ET0=1;
  31   1        EA=1;
  32   1        PT0=0;
  33   1        
  34   1      }
  35          
  36          /**
  37            * @brief  ??????(??main???)
  38            * @param  ?
  39            * @retval Timer0_Routine() interrupt 1  ????????,??????,??????
  40            */


MODULE INFORMATION:   STATIC OVERLAYABLE
   CODE SIZE        =     20    ----
   CONSTANT SIZE    =   ----    ----
   XDATA SIZE       =   ----    ----
   PDATA SIZE       =   ----    ----
   DATA SIZE        =   ----    ----
   IDATA SIZE       =   ----    ----
   BIT SIZE         =   ----    ----
END OF MODULE INFORMATION.


C51 COMPILATION COMPLETE.  0 WARNING(S),  0 ERROR(S)
