C51 COMPILER V9.54   MAIN                                                                  03/05/2023 20:34:02 PAGE 1   


C51 COMPILER V9.54, COMPILATION OF MODULE MAIN
OBJECT MODULE PLACED IN .\Objects\main.obj
COMPILER INVOKED BY: D:\Keil5\Keil5 C51\C51\BIN\C51.EXE main.c OPTIMIZE(8,SPEED) BROWSE DEBUG OBJECTEXTEND PRINT(.\Listi
                    -ngs\main.lst) TABS(2) OBJECT(.\Objects\main.obj)

line level    source

   1          #include <REGX52.H>
   2          #include <Tool.h>
   3          #include <DS1302.h>
   4          
   5          void main()
   6          {
   7   1        LCD_Init();
   8   1        DS1302_Init();
   9   1        LCD_ShowString(1,1,"  -  -  ");//?????????
  10   1        LCD_ShowString(2,1,"  :  :  ");
  11   1        DS1302_SetTime();
  12   1        while(1)
  13   1        {
  14   2          DS1302_ReadTime();//????
  15   2          LCD_ShowNum(1,1,DS1302_Time[0],2);//???
  16   2          LCD_ShowNum(1,4,DS1302_Time[1],2);//???
  17   2          LCD_ShowNum(1,7,DS1302_Time[2],2);//???
  18   2          LCD_ShowNum(2,1,DS1302_Time[3],2);//???
  19   2          LCD_ShowNum(2,4,DS1302_Time[4],2);//???
  20   2          LCD_ShowNum(2,7,DS1302_Time[5],2);//???
  21   2          }
  22   1      }


MODULE INFORMATION:   STATIC OVERLAYABLE
   CODE SIZE        =    154    ----
   CONSTANT SIZE    =     18    ----
   XDATA SIZE       =   ----    ----
   PDATA SIZE       =   ----    ----
   DATA SIZE        =   ----    ----
   IDATA SIZE       =   ----    ----
   BIT SIZE         =   ----    ----
END OF MODULE INFORMATION.


C51 COMPILATION COMPLETE.  0 WARNING(S),  0 ERROR(S)
